WARNING: All log messages before absl::InitializeLog() is called are written to STDERR
I0000 00:00:1775569359.564213   16560 port.cc:153] oneDNN custom operations are on. You may see slightly different numerical results due to floating-point round-off errors from different computation orders. To turn them off, set the environment variable `TF_ENABLE_ONEDNN_OPTS=0`.
WARNING: All log messages before absl::InitializeLog() is called are written to STDERR
I0000 00:00:1775569362.813252   16560 port.cc:153] oneDNN custom operations are on. You may see slightly different numerical results due to floating-point round-off errors from different computation orders. To turn them off, set the environment variable `TF_ENABLE_ONEDNN_OPTS=0`.
I0000 00:00:1775569363.660259   16560 cpu_feature_guard.cc:227] This TensorFlow binary is optimized to use available CPU instructions in performance-critical operations.
To enable the following instructions: SSE3 SSE4.1 SSE4.2 AVX AVX2 FMA, in other operations, rebuild TensorFlow with the appropriate compiler flags.
WARNING:tensorflow:TensorFlow GPU support is not available on native Windows for TensorFlow >= 2.11. Even if CUDA/cuDNN are installed, GPU will not be used. Please use WSL2 or the TensorFlow-DirectML plugin.
WARNING:absl:Compiled the loaded model, but the compiled metrics have yet to be built. `model.compile_metrics` will be empty until you train or evaluate the model.
Traceback (most recent call last):
  File "D:\PsyPredict\backend\app\services\remedy_engine.py", line 19, in load_data
    print("\u2705 Remedy Engine: Knowledge Base Loaded")
  File "C:\Users\Saphalya\AppData\Local\Programs\Python\Python310\lib\encodings\cp1252.py", line 19, in encode
    return codecs.charmap_encode(input,self.errors,encoding_table)[0]
UnicodeEncodeError: 'charmap' codec can't encode character '\u2705' in position 0: character maps to <undefined>

During handling of the above exception, another exception occurred:

Traceback (most recent call last):
  File "C:\Users\Saphalya\AppData\Local\Programs\Python\Python310\lib\runpy.py", line 196, in _run_module_as_main
    return _run_code(code, main_globals, None,
  File "C:\Users\Saphalya\AppData\Local\Programs\Python\Python310\lib\runpy.py", line 86, in _run_code
    exec(code, run_globals)
  File "D:\PsyPredict\backend\venv\lib\site-packages\uvicorn\__main__.py", line 4, in <module>
    uvicorn.main()
  File "D:\PsyPredict\backend\venv\lib\site-packages\click\core.py", line 1485, in __call__
    return self.main(*args, **kwargs)
  File "D:\PsyPredict\backend\venv\lib\site-packages\click\core.py", line 1406, in main
    rv = self.invoke(ctx)
  File "D:\PsyPredict\backend\venv\lib\site-packages\click\core.py", line 1269, in invoke
    return ctx.invoke(self.callback, **ctx.params)
  File "D:\PsyPredict\backend\venv\lib\site-packages\click\core.py", line 824, in invoke
    return callback(*args, **kwargs)
  File "D:\PsyPredict\backend\venv\lib\site-packages\uvicorn\main.py", line 433, in main
    run(
  File "D:\PsyPredict\backend\venv\lib\site-packages\uvicorn\main.py", line 606, in run
    server.run()
  File "D:\PsyPredict\backend\venv\lib\site-packages\uvicorn\server.py", line 75, in run
    return asyncio_run(self.serve(sockets=sockets), loop_factory=self.config.get_loop_factory())
  File "D:\PsyPredict\backend\venv\lib\site-packages\uvicorn\_compat.py", line 60, in asyncio_run
    return loop.run_until_complete(main)
  File "C:\Users\Saphalya\AppData\Local\Programs\Python\Python310\lib\asyncio\base_events.py", line 649, in run_until_complete
    return future.result()
  File "D:\PsyPredict\backend\venv\lib\site-packages\uvicorn\server.py", line 79, in serve
    await self._serve(sockets)
  File "D:\PsyPredict\backend\venv\lib\site-packages\uvicorn\server.py", line 86, in _serve
    config.load()
  File "D:\PsyPredict\backend\venv\lib\site-packages\uvicorn\config.py", line 441, in load
    self.loaded_app = import_from_string(self.app)
  File "D:\PsyPredict\backend\venv\lib\site-packages\uvicorn\importer.py", line 19, in import_from_string
    module = importlib.import_module(module_str)
  File "C:\Users\Saphalya\AppData\Local\Programs\Python\Python310\lib\importlib\__init__.py", line 126, in import_module
    return _bootstrap._gcd_import(name[level:], package, level)
  File "<frozen importlib._bootstrap>", line 1050, in _gcd_import
  File "<frozen importlib._bootstrap>", line 1027, in _find_and_load
  File "<frozen importlib._bootstrap>", line 1006, in _find_and_load_unlocked
  File "<frozen importlib._bootstrap>", line 688, in _load_unlocked
  File "<frozen importlib._bootstrap_external>", line 883, in exec_module
  File "<frozen importlib._bootstrap>", line 241, in _call_with_frames_removed
  File "D:\PsyPredict\backend\app\main.py", line 29, in <module>
    from app.api.endpoints.remedies import router as remedies_router
  File "D:\PsyPredict\backend\app\api\endpoints\remedies.py", line 14, in <module>
    from app.services.remedy_engine import remedy_engine
  File "D:\PsyPredict\backend\app\services\remedy_engine.py", line 54, in <module>
    remedy_engine = RemedyEngine()
  File "D:\PsyPredict\backend\app\services\remedy_engine.py", line 7, in __init__
    self.load_data()
  File "D:\PsyPredict\backend\app\services\remedy_engine.py", line 23, in load_data
    print(f"\u274c Remedy Engine Error: {e}")
  File "C:\Users\Saphalya\AppData\Local\Programs\Python\Python310\lib\encodings\cp1252.py", line 19, in encode
    return codecs.charmap_encode(input,self.errors,encoding_table)[0]
UnicodeEncodeError: 'charmap' codec can't encode character '\u274c' in position 0: character maps to <undefined>
